// Jest Snapshot v1, https://goo.gl/fbAQLP

exports[`can render with redux with custom store 1`] = `
<DocumentFragment>
  .c0 {
  background-color: #dfe7ed;
}

.c1 {
  width: 100%;
  max-width: 960px;
  margin: 0 auto;
  padding: 10px 20px;
  display: -webkit-box;
  display: -webkit-flex;
  display: -ms-flexbox;
  display: flex;
  -webkit-box-pack: justify;
  -webkit-justify-content: space-between;
  -ms-flex-pack: justify;
  justify-content: space-between;
  -webkit-align-items: center;
  -webkit-box-align: center;
  -ms-flex-align: center;
  align-items: center;
}

.c2 {
  font-size: 1.2em;
  font-weight: normal;
  color: #4b5c6b;
}

.c3 {
  background: 0;
  border: 0;
  padding: 0;
  border: 3px solid #c7d2db;
  border-radius: 100px;
}

.c3:focus {
  outline: 0;
  border: 3px solid #A63E26;
}

.c4 {
  border-radius: 100px;
  width: 45px;
  height: 45px;
  display: block;
}

<header
    class="c0"
  >
    <div
      class="c1"
    >
      <h1
        class="c2"
      >
        My Trips
      </h1>
      <button
        class="c3"
      >
        <img
          alt="Account Options"
          class="c4"
          src="https://picsum.photos/id/947/45/45"
        />
      </button>
    </div>
  </header>
  .c2 {
  background-color: #fff;
  border: 1px solid #0C7C88;
  font-size: 1em;
  padding: 10px 20px;
  border-radius: 5px;
  width: 50%;
  -webkit-text-decoration: none;
  text-decoration: none;
  display: block;
  text-align: center;
  margin: 10px;
  position: relative;
  overflow: hidden;
  -webkit-transition: background-color 0.3s;
  transition: background-color 0.3s;
}

.c2 > * {
  position: relative;
}

.c2:before {
  content: "";
  position: absolute;
  top: 50%;
  left: 50%;
  display: block;
  width: 0;
  padding-top: 0;
  border-radius: 100%;
  background-color: rgba(236,240,241,0.3);
  -webkit-transform: translate(-50%,-50%);
  -moz-transform: translate(-50%,-50%);
  -ms-transform: translate(-50%,-50%);
  -o-transform: translate(-50%,-50%);
  -webkit-transform: translate(-50%,-50%);
  -ms-transform: translate(-50%,-50%);
  transform: translate(-50%,-50%);
}

.c2:active:before {
  width: 120%;
  padding-top: 120%;
  -webkit-transition: width 0.2s ease-out,padding-top 0.2s ease-out;
  transition: width 0.2s ease-out,padding-top 0.2s ease-out;
}

.c2:active {
  -webkit-transform: translateY(2px);
  -ms-transform: translateY(2px);
  transform: translateY(2px);
}

.c2:focus {
  outline: 3px solid #A63E26;
}

.c3 {
  font-size: 1em;
  font-weight: normal;
  color: #0C7C88;
  -webkit-text-decoration: none;
  text-decoration: none;
}

.c4 {
  background-color: #0C7C88;
  border: 0;
  padding: 10px 20px;
  border-radius: 5px;
  font-size: 1em;
  width: 50%;
  -webkit-text-decoration: none;
  text-decoration: none;
  display: block;
  text-align: center;
  margin: 10px;
  position: relative;
  overflow: hidden;
  -webkit-transition: background-color 0.3s;
  transition: background-color 0.3s;
}

.c4 > * {
  position: relative;
}

.c4:before {
  content: "";
  position: absolute;
  top: 50%;
  left: 50%;
  display: block;
  width: 0;
  padding-top: 0;
  border-radius: 100%;
  background-color: rgba(236,240,241,0.3);
  -webkit-transform: translate(-50%,-50%);
  -moz-transform: translate(-50%,-50%);
  -ms-transform: translate(-50%,-50%);
  -o-transform: translate(-50%,-50%);
  -webkit-transform: translate(-50%,-50%);
  -ms-transform: translate(-50%,-50%);
  transform: translate(-50%,-50%);
}

.c4:active:before {
  width: 120%;
  padding-top: 120%;
  -webkit-transition: width 0.2s ease-out,padding-top 0.2s ease-out;
  transition: width 0.2s ease-out,padding-top 0.2s ease-out;
}

.c4:active {
  -webkit-transform: translateY(2px);
  -ms-transform: translateY(2px);
  transform: translateY(2px);
}

.c4:focus {
  outline: 3px solid #A63E26;
}

.c5 {
  font-size: 1em;
  font-weight: normal;
  color: #fff;
  -webkit-text-decoration: none;
  text-decoration: none;
}

.c13 {
  width: 100%;
  height: 10px;
  position: relative;
  background: #dce0e3;
  border-radius: 5px;
}

.c14 {
  display: block;
  height: 100%;
  border-radius: 5px;
  position: relative;
  overflow: hidden;
}

.c10 {
  position: absolute;
  bottom: 0;
  background-color: #333;
  color: #fff;
  padding: 5px;
  width: 100%;
  font-size: 0.75em;
}

.c10 a {
  color: #fff;
}

.c7 {
  background-color: #fff;
  border: 1px solid #c7d2db;
  padding: 20px;
}

.c11 {
  font-size: 1.2em;
  font-weight: normal;
  color: #4b5c6b;
}

.c12 {
  font-size: 1em;
  font-weight: normal;
  color: #4b5c6b;
}

.c8 {
  width: calc(100% + 40px);
  margin: -20px -20px 0 -20px;
  position: relative;
}

.c9 {
  width: 100%;
  height: 200px;
  display: block;
}

.c15 {
  margin: 20px;
}

.c6 {
  margin: 20px;
  display: grid;
  grid-gap: 20px;
  grid-template-columns: repeat(auto-fill,minmax(280px,1fr));
}

.c0 {
  width: 100%;
  max-width: 960px;
  margin: 0 auto;
}

.c1 {
  display: -webkit-box;
  display: -webkit-flex;
  display: -ms-flexbox;
  display: flex;
  -webkit-box-pack: center;
  -webkit-justify-content: center;
  -ms-flex-pack: center;
  justify-content: center;
  margin: 20px 10px;
}

.c1 button,
.c1 a {
  max-width: 200px;
}

@media (min-width:1024px) {
  .c7 {
    display: grid;
    grid-template-columns: 280px 1fr;
    grid-gap: 40px;
    padding-bottom: 0;
  }
}

@media (min-width:1024px) {
  .c6 {
    display: block;
  }
}

<section
    class="c0"
  >
    <div
      class="c1"
    >
      <a
        backgroundcolor="#fff"
        border="1px solid #0C7C88"
        buttontype="secondary"
        buttonwidth="50%"
        class="c2"
        href="/trip/add"
      >
        <span
          class="c3"
          color="#0C7C88"
        >
          Add a Trip
        </span>
      </a>
      <button
        class="c4"
      >
        <span
          class="c5"
          color="#fff"
        >
          Add Expense
        </span>
      </button>
    </div>
    <div
      class="c6"
    >
      <a
        href="/trip/1"
        style="text-decoration: none;"
      >
        <div
          class="c7"
        >
          <div
            class="c8"
          >
            <img
              alt=""
              class="c9"
              src="https://images.unsplash.com/photo-1549317487-92cec5e76645?ixlib=rb-1.2.1&ixid=eyJhcHBfaWQiOjc5ODc0fQ&w=333&h=200&fit=crop&crop=focalpoint"
            />
            <figcaption
              class="c10"
            >
              photo attribution
            </figcaption>
          </div>
          <div>
            <h1
              class="c11"
            >
              Hawaii
            </h1>
            <h2
              class="c12"
            >
              Apr 26, 1970 - Oct 1, 8307
            </h2>
            <div
              class="c13"
            >
              <span
                class="c14"
                style="width: 29.731%; background-color: rgb(12, 124, 136);"
              />
            </div>
          </div>
        </div>
      </a>
    </div>
    <div
      class="c15"
    />
    <div
      class="c6"
    />
  </section>
</DocumentFragment>
`;
